eve: opening sandbox session "root" on backend "docker"...
eve: initializing 1 sandbox template...
eve: opening sandbox session "root" on backend "docker"...
eve: opening sandbox session "root" on backend "docker" (5s elapsed)...
eve: opening sandbox session "root" on backend "docker" (5s elapsed)...
eve: opening sandbox session "root" on backend "docker" (10s elapsed)...
eve: opening sandbox session "root" on backend "docker" (10s elapsed)...
eve: opening sandbox session "root" on backend "docker" (15s elapsed)...
eve: opening sandbox session "root" on backend "docker" (15s elapsed)...
eve: opening sandbox session "root" on backend "docker" (20s elapsed)...
eve: opening sandbox session "root" on backend "docker" (20s elapsed)...
eve: opening sandbox session "root" on backend "docker" (25s elapsed)...
eve: opening sandbox session "root" on backend "docker" (25s elapsed)...
eve: opening sandbox session "root" on backend "docker" (30s elapsed)...
eve: opening sandbox session "root" on backend "docker" (30s elapsed)...
eve: opening sandbox session "root" on backend "docker" (35s elapsed)...
eve: opening sandbox session "root" on backend "docker" (35s elapsed)...
eve: opening sandbox session "root" on backend "docker" (40s elapsed)...
eve: opening sandbox session "root" on backend "docker" (40s elapsed)...
eve: opening sandbox session "root" on backend "docker" (45s elapsed)...
eve: opening sandbox session "root" on backend "docker" (45s elapsed)...
eve: opening sandbox session "root" on backend "docker" (50s elapsed)...
eve: opening sandbox session "root" on backend "docker" (50s elapsed)...
eve: opening sandbox session "root" on backend "docker" (55s elapsed)...
eve: opening sandbox session "root" on backend "docker" (55s elapsed)...
eve: opening sandbox session "root" on backend "docker" (60s elapsed)...
eve: opening sandbox session "root" on backend "docker" (60s elapsed)...
eve: opening sandbox session "root" on backend "docker" (65s elapsed)...
eve: opening sandbox session "root" on backend "docker" (65s elapsed)...
eve: opening sandbox session "root" on backend "docker" (70s elapsed)...
eve: opening sandbox session "root" on backend "docker" (70s elapsed)...
eve: opening sandbox session "root" on backend "docker" (75s elapsed)...
eve: opening sandbox session "root" on backend "docker" (75s elapsed)...
eve: opening sandbox session "root" on backend "docker" (80s elapsed)...
eve: opening sandbox session "root" on backend "docker" (80s elapsed)...
eve: opening sandbox session "root" on backend "docker" (85s elapsed)...
eve: sandbox template "root" (docker): starting template build container
eve: sandbox template "root" (docker): preparing base runtime inside container
eve: sandbox template "root" (docker): writing 2 seed file(s)
eve: sandbox template "root" (docker): stopping template build container
eve: sandbox template "root" (docker): committing template image "eve-sandbox-template:eve-sbx-tpl-docker-e544b54cd52c40c4-07aa2850160b9954e6cf-f144de6fc12404168f67"
eve: initialized 1 sandbox template (0 reused, 1 built).
eve: sandbox template is ready; retrying sandbox creation...
eve: opening sandbox session "root" on backend "docker"...
eve: starting sandbox command: find /tmp/eve2 -type f 2>/dev/null | head -30; echo "---"; ls -la /tmp/eve2/ 2>/dev/null || echo "No /tmp/eve2 dir"
eve: sandbox command finished (exit 0): find /tmp/eve2 -type f 2>/dev/null | head -30; echo "---"; ls -la /tmp/eve2/ 2>/dev/null || echo "No /tmp/eve2 dir"
eve: opening sandbox session "root" on backend "docker"...
eve: opening sandbox session "root" on backend "docker"...
eve: starting sandbox command: cd /workspace && node cli.js --version
eve: starting sandbox command: cd /workspace && node cli.js
eve: sandbox command finished (exit 0): cd /workspace && node cli.js
eve: sandbox command finished (exit 0): cd /workspace && node cli.js --version
eve: opening sandbox session "root" on backend "docker"...
eve: starting sandbox command: mkdir -p /tmp/eve2/gt
eve: sandbox command finished (exit 0): mkdir -p /tmp/eve2/gt
{
  "status": "ready",
  "outcome": {
    "status": "completed",
    "message": "Both commands produced the expected output:\n\n- **`node cli.js --version`**: `1.4.2` (version read from package.json)\n- **`node cli.js`**: `hello` (original behavior preserved)\n\nDONE_GT"
  },
  "resume": {
    "session": {
      "sessionId": "wrun_01M2TPZTC5WD8QFVFEKFJ8RMT2",
      "streamIndex": 178
    },
    "target": {
      "kind": "local"
    }
  }
}
