eve: opening sandbox session "root" on backend "docker"...
eve: starting sandbox command: sleep 30 && echo SLEPT_T6
eve: opening sandbox session "root" on backend "docker"...
eve: opening sandbox session "root" on backend "docker"...
eve: waiting for sandbox command (5s elapsed): sleep 30 && echo SLEPT_T6
eve: opening sandbox session "root" on backend "docker"...
eve: starting sandbox command: node /tmp/eve2/gt/cli.js --version
eve: sandbox command finished (exit 0): node /tmp/eve2/gt/cli.js --version
eve: opening sandbox session "root" on backend "docker"...
eve: starting sandbox command: node /tmp/eve2/gt/cli.js
eve: sandbox command finished (exit 0): node /tmp/eve2/gt/cli.js
eve: waiting for sandbox command (10s elapsed): sleep 30 && echo SLEPT_T6
eve: waiting for sandbox command (15s elapsed): sleep 30 && echo SLEPT_T6
eve: waiting for sandbox command (20s elapsed): sleep 30 && echo SLEPT_T6
eve: waiting for sandbox command (25s elapsed): sleep 30 && echo SLEPT_T6
eve: waiting for sandbox command (30s elapsed): sleep 30 && echo SLEPT_T6
eve: sandbox command finished (exit 0): sleep 30 && echo SLEPT_T6
{
  "status": "ready",
  "outcome": {
    "status": "completed",
    "message": "DONE_GT"
  },
  "resume": {
    "session": {
      "sessionId": "wrun_01M2TR5Z68SFRAX489A0FKWQEH",
      "streamIndex": 49
    },
    "target": {
      "kind": "local"
    }
  }
}
